
===========================================================================
report_checks -unconstrained
===========================================================================
======================= Typical Corner ===================================

Startpoint: B[0] (input port clocked by __VIRTUAL_CLK__)
Endpoint: ALU_Out[6] (output port clocked by __VIRTUAL_CLK__)
Path Group: __VIRTUAL_CLK__
Path Type: max

Fanout     Cap    Slew   Delay    Time   Description
-----------------------------------------------------------------------------
                  0.00    0.00    0.00   clock __VIRTUAL_CLK__ (rise edge)
                          0.00    0.00   clock network delay (ideal)
                          2.00    2.00 ^ input external delay
                  0.07    0.05    2.05 ^ B[0] (in)
     4    0.01                           B[0] (net)
                  0.07    0.00    2.05 ^ _122_/B_N (sky130_fd_sc_hd__or2b_2)
                  0.07    0.34    2.39 v _122_/X (sky130_fd_sc_hd__or2b_2)
     3    0.01                           _055_ (net)
                  0.07    0.00    2.39 v _124_/A2 (sky130_fd_sc_hd__a21o_2)
                  0.05    0.25    2.63 v _124_/X (sky130_fd_sc_hd__a21o_2)
     3    0.01                           _057_ (net)
                  0.05    0.00    2.63 v _127_/A3 (sky130_fd_sc_hd__a311o_2)
                  0.08    0.44    3.07 v _127_/X (sky130_fd_sc_hd__a311o_2)
     3    0.01                           _060_ (net)
                  0.08    0.00    3.07 v _129_/A2 (sky130_fd_sc_hd__a21oi_2)
                  0.15    0.20    3.27 ^ _129_/Y (sky130_fd_sc_hd__a21oi_2)
     3    0.01                           _062_ (net)
                  0.15    0.00    3.27 ^ _131_/A2 (sky130_fd_sc_hd__o21a_2)
                  0.08    0.18    3.45 ^ _131_/X (sky130_fd_sc_hd__o21a_2)
     3    0.01                           _064_ (net)
                  0.08    0.00    3.45 ^ _207_/B (sky130_fd_sc_hd__nor2_2)
                  0.05    0.03    3.49 v _207_/Y (sky130_fd_sc_hd__nor2_2)
     1    0.00                           _027_ (net)
                  0.05    0.00    3.49 v _209_/A (sky130_fd_sc_hd__or3b_2)
                  0.08    0.49    3.98 v _209_/X (sky130_fd_sc_hd__or3b_2)
     1    0.00                           _029_ (net)
                  0.08    0.00    3.98 v _212_/B1 (sky130_fd_sc_hd__o211ai_2)
                  0.43    0.20    4.18 ^ _212_/Y (sky130_fd_sc_hd__o211ai_2)
     1    0.03                           ALU_Out[6] (net)
                  0.43    0.00    4.18 ^ ALU_Out[6] (out)
                                  4.18   data arrival time

                  0.00   10.00   10.00   clock __VIRTUAL_CLK__ (rise edge)
                          0.00   10.00   clock network delay (ideal)
                         -0.25    9.75   clock uncertainty
                          0.00    9.75   clock reconvergence pessimism
                         -2.00    7.75   output external delay
                                  7.75   data required time
-----------------------------------------------------------------------------
                                  7.75   data required time
                                 -4.18   data arrival time
-----------------------------------------------------------------------------
                                  3.57   slack (MET)




===========================================================================
report_checks --slack_max -0.01
============================================================================
======================= Typical Corner ===================================

No paths found.


===========================================================================
 report_check_types -max_slew -max_cap -max_fanout -violators
============================================================================
======================= Typical Corner ===================================



===========================================================================
report_parasitic_annotation -report_unannotated
============================================================================
Found 134 unannotated drivers.
 A[0]
 A[1]
 A[2]
 A[3]
 A[4]
 A[5]
 A[6]
 A[7]
 B[0]
 B[1]
 B[2]
 B[3]
 B[4]
 B[5]
 B[6]
 B[7]
 opcode[0]
 opcode[1]
 opcode[2]
 _106_/X
 _107_/Y
 _108_/X
 _109_/Y
 _110_/Y
 _111_/X
 _112_/Y
 _113_/Y
 _114_/Y
 _115_/X
 _116_/Y
 _117_/Y
 _118_/Y
 _119_/X
 _120_/Y
 _121_/Y
 _122_/X
 _123_/X
 _124_/X
 _125_/X
 _126_/X
 _127_/X
 _128_/X
 _129_/Y
 _130_/X
 _131_/X
 _132_/X
 _133_/Y
 _134_/Y
 _135_/Y
 _136_/Y
 _137_/Y
 _138_/X
 _139_/X
 _140_/X
 _141_/X
 _142_/X
 _143_/Y
 _144_/X
 _145_/X
 _146_/X
 _147_/Y
 _148_/X
 _149_/Y
 _150_/X
 _151_/X
 _152_/X
 _153_/X
 _154_/X
 _155_/Y
 _156_/X
 _157_/X
 _158_/X
 _159_/X
 _160_/X
 _161_/Y
 _162_/X
 _163_/X
 _164_/Y
 _165_/Y
 _166_/Y
 _167_/X
 _168_/Y
 _169_/X
 _170_/Y
 _171_/X
 _172_/Y
 _173_/Y
 _174_/X
 _175_/X
 _176_/X
 _177_/X
 _178_/Y
 _179_/Y
 _180_/Y
 _181_/Y
 _182_/Y
 _183_/X
 _184_/X
 _185_/Y
 _186_/X
 _187_/X
 _188_/Y
 _189_/Y
 _190_/X
 _191_/X
 _192_/X
 _193_/X
 _194_/Y
 _195_/X
 _196_/X
 _197_/Y
 _198_/X
 _199_/X
 _200_/Y
 _201_/Y
 _202_/X
 _203_/X
 _204_/X
 _205_/Y
 _206_/Y
 _207_/Y
 _208_/X
 _209_/X
 _210_/X
 _211_/X
 _212_/Y
 _213_/X
 _214_/Y
 _215_/X
 _216_/X
 _217_/Y
 _218_/X
 _219_/Y
 _220_/X
Found 0 partially unannotated drivers.

===========================================================================
max slew violation count 0
max fanout violation count 0
max cap violation count 0
============================================================================

===========================================================================
check_setup -verbose -unconstrained_endpoints -multiple_clock -no_clock -no_input_delay -loops -generated_clocks
===========================================================================
