
===========================================================================
report_checks -unconstrained
===========================================================================
======================= Fastest Corner ===================================

Startpoint: B[0] (input port clocked by __VIRTUAL_CLK__)
Endpoint: ALU_Out[7] (output port clocked by __VIRTUAL_CLK__)
Path Group: __VIRTUAL_CLK__
Path Type: max
Corner: Fastest

Fanout     Cap    Slew   Delay    Time   Description
-----------------------------------------------------------------------------
                  0.00    0.00    0.00   clock __VIRTUAL_CLK__ (rise edge)
                          0.00    0.00   clock network delay (ideal)
                          2.00    2.00 ^ input external delay
                  0.02    0.01    2.01 ^ B[0] (in)
     1    0.00                           B[0] (net)
                  0.02    0.00    2.01 ^ input9/A (sky130_fd_sc_hd__buf_1)
                  0.12    0.11    2.13 ^ input9/X (sky130_fd_sc_hd__buf_1)
     4    0.01                           net9 (net)
                  0.12    0.00    2.13 ^ _122_/B_N (sky130_fd_sc_hd__or2b_1)
                  0.05    0.17    2.30 v _122_/X (sky130_fd_sc_hd__or2b_1)
     3    0.01                           _055_ (net)
                  0.05    0.00    2.30 v _124_/A2 (sky130_fd_sc_hd__a21o_1)
                  0.04    0.14    2.44 v _124_/X (sky130_fd_sc_hd__a21o_1)
     3    0.01                           _057_ (net)
                  0.04    0.00    2.44 v _127_/A3 (sky130_fd_sc_hd__a311o_1)
                  0.07    0.27    2.71 v _127_/X (sky130_fd_sc_hd__a311o_1)
     3    0.01                           _060_ (net)
                  0.07    0.00    2.71 v _129_/A2 (sky130_fd_sc_hd__a21oi_1)
                  0.15    0.17    2.88 ^ _129_/Y (sky130_fd_sc_hd__a21oi_1)
     3    0.01                           _062_ (net)
                  0.15    0.00    2.88 ^ _131_/A2 (sky130_fd_sc_hd__o21a_1)
                  0.09    0.12    3.00 ^ _131_/X (sky130_fd_sc_hd__o21a_1)
     3    0.01                           _064_ (net)
                  0.09    0.00    3.00 ^ _133_/A2 (sky130_fd_sc_hd__o21ai_1)
                  0.06    0.06    3.06 v _133_/Y (sky130_fd_sc_hd__o21ai_1)
     2    0.01                           _066_ (net)
                  0.06    0.00    3.06 v _213_/B (sky130_fd_sc_hd__xor2_1)
                  0.04    0.10    3.16 v _213_/X (sky130_fd_sc_hd__xor2_1)
     1    0.00                           _032_ (net)
                  0.04    0.00    3.16 v _220_/A2 (sky130_fd_sc_hd__a211o_1)
                  0.03    0.19    3.35 v _220_/X (sky130_fd_sc_hd__a211o_1)
     1    0.00                           net27 (net)
                  0.03    0.00    3.35 v output27/A (sky130_fd_sc_hd__clkbuf_4)
                  0.06    0.13    3.48 v output27/X (sky130_fd_sc_hd__clkbuf_4)
     1    0.03                           ALU_Out[7] (net)
                  0.06    0.00    3.48 v ALU_Out[7] (out)
                                  3.48   data arrival time

                  0.00   10.00   10.00   clock __VIRTUAL_CLK__ (rise edge)
                          0.00   10.00   clock network delay (ideal)
                         -0.25    9.75   clock uncertainty
                          0.00    9.75   clock reconvergence pessimism
                         -2.00    7.75   output external delay
                                  7.75   data required time
-----------------------------------------------------------------------------
                                  7.75   data required time
                                 -3.48   data arrival time
-----------------------------------------------------------------------------
                                  4.27   slack (MET)



======================= Slowest Corner ===================================

Startpoint: B[0] (input port clocked by __VIRTUAL_CLK__)
Endpoint: ALU_Out[6] (output port clocked by __VIRTUAL_CLK__)
Path Group: __VIRTUAL_CLK__
Path Type: max
Corner: Slowest

Fanout     Cap    Slew   Delay    Time   Description
-----------------------------------------------------------------------------
                  0.00    0.00    0.00   clock __VIRTUAL_CLK__ (rise edge)
                          0.00    0.00   clock network delay (ideal)
                          2.00    2.00 ^ input external delay
                  0.04    0.02    2.02 ^ B[0] (in)
     1    0.00                           B[0] (net)
                  0.04    0.00    2.02 ^ input9/A (sky130_fd_sc_hd__buf_1)
                  0.25    0.28    2.30 ^ input9/X (sky130_fd_sc_hd__buf_1)
     4    0.01                           net9 (net)
                  0.25    0.00    2.30 ^ _122_/B_N (sky130_fd_sc_hd__or2b_1)
                  0.15    0.66    2.97 v _122_/X (sky130_fd_sc_hd__or2b_1)
     3    0.01                           _055_ (net)
                  0.15    0.00    2.97 v _124_/A2 (sky130_fd_sc_hd__a21o_1)
                  0.10    0.42    3.38 v _124_/X (sky130_fd_sc_hd__a21o_1)
     3    0.01                           _057_ (net)
                  0.10    0.00    3.38 v _127_/A3 (sky130_fd_sc_hd__a311o_1)
                  0.18    0.79    4.17 v _127_/X (sky130_fd_sc_hd__a311o_1)
     3    0.01                           _060_ (net)
                  0.18    0.00    4.17 v _129_/A2 (sky130_fd_sc_hd__a21oi_1)
                  0.33    0.41    4.58 ^ _129_/Y (sky130_fd_sc_hd__a21oi_1)
     3    0.01                           _062_ (net)
                  0.33    0.00    4.58 ^ _131_/A2 (sky130_fd_sc_hd__o21a_1)
                  0.19    0.41    4.98 ^ _131_/X (sky130_fd_sc_hd__o21a_1)
     3    0.01                           _064_ (net)
                  0.19    0.00    4.99 ^ _207_/B (sky130_fd_sc_hd__nor2_1)
                  0.10    0.12    5.10 v _207_/Y (sky130_fd_sc_hd__nor2_1)
     1    0.00                           _027_ (net)
                  0.10    0.00    5.10 v _209_/A (sky130_fd_sc_hd__or3b_1)
                  0.14    0.90    6.00 v _209_/X (sky130_fd_sc_hd__or3b_1)
     1    0.00                           _029_ (net)
                  0.14    0.00    6.00 v _212_/B1 (sky130_fd_sc_hd__o211ai_1)
                  0.24    0.18    6.18 ^ _212_/Y (sky130_fd_sc_hd__o211ai_1)
     1    0.00                           net26 (net)
                  0.24    0.00    6.18 ^ output26/A (sky130_fd_sc_hd__clkbuf_4)
                  0.18    0.43    6.60 ^ output26/X (sky130_fd_sc_hd__clkbuf_4)
     1    0.03                           ALU_Out[6] (net)
                  0.18    0.00    6.60 ^ ALU_Out[6] (out)
                                  6.60   data arrival time

                  0.00   10.00   10.00   clock __VIRTUAL_CLK__ (rise edge)
                          0.00   10.00   clock network delay (ideal)
                         -0.25    9.75   clock uncertainty
                          0.00    9.75   clock reconvergence pessimism
                         -2.00    7.75   output external delay
                                  7.75   data required time
-----------------------------------------------------------------------------
                                  7.75   data required time
                                 -6.60   data arrival time
-----------------------------------------------------------------------------
                                  1.15   slack (MET)



======================= Typical Corner ===================================

Startpoint: B[0] (input port clocked by __VIRTUAL_CLK__)
Endpoint: ALU_Out[6] (output port clocked by __VIRTUAL_CLK__)
Path Group: __VIRTUAL_CLK__
Path Type: max
Corner: Typical

Fanout     Cap    Slew   Delay    Time   Description
-----------------------------------------------------------------------------
                  0.00    0.00    0.00   clock __VIRTUAL_CLK__ (rise edge)
                          0.00    0.00   clock network delay (ideal)
                          2.00    2.00 ^ input external delay
                  0.02    0.01    2.01 ^ B[0] (in)
     1    0.00                           B[0] (net)
                  0.02    0.00    2.01 ^ input9/A (sky130_fd_sc_hd__buf_1)
                  0.16    0.16    2.18 ^ input9/X (sky130_fd_sc_hd__buf_1)
     4    0.01                           net9 (net)
                  0.16    0.00    2.18 ^ _122_/B_N (sky130_fd_sc_hd__or2b_1)
                  0.08    0.30    2.47 v _122_/X (sky130_fd_sc_hd__or2b_1)
     3    0.01                           _055_ (net)
                  0.08    0.00    2.47 v _124_/A2 (sky130_fd_sc_hd__a21o_1)
                  0.06    0.22    2.69 v _124_/X (sky130_fd_sc_hd__a21o_1)
     3    0.01                           _057_ (net)
                  0.06    0.00    2.69 v _127_/A3 (sky130_fd_sc_hd__a311o_1)
                  0.09    0.42    3.11 v _127_/X (sky130_fd_sc_hd__a311o_1)
     3    0.01                           _060_ (net)
                  0.09    0.00    3.11 v _129_/A2 (sky130_fd_sc_hd__a21oi_1)
                  0.21    0.24    3.35 ^ _129_/Y (sky130_fd_sc_hd__a21oi_1)
     3    0.01                           _062_ (net)
                  0.21    0.00    3.35 ^ _131_/A2 (sky130_fd_sc_hd__o21a_1)
                  0.12    0.20    3.55 ^ _131_/X (sky130_fd_sc_hd__o21a_1)
     3    0.01                           _064_ (net)
                  0.12    0.00    3.55 ^ _207_/B (sky130_fd_sc_hd__nor2_1)
                  0.06    0.05    3.61 v _207_/Y (sky130_fd_sc_hd__nor2_1)
     1    0.00                           _027_ (net)
                  0.06    0.00    3.61 v _209_/A (sky130_fd_sc_hd__or3b_1)
                  0.06    0.39    3.99 v _209_/X (sky130_fd_sc_hd__or3b_1)
     1    0.00                           _029_ (net)
                  0.06    0.00    3.99 v _212_/B1 (sky130_fd_sc_hd__o211ai_1)
                  0.14    0.10    4.09 ^ _212_/Y (sky130_fd_sc_hd__o211ai_1)
     1    0.00                           net26 (net)
                  0.14    0.00    4.09 ^ output26/A (sky130_fd_sc_hd__clkbuf_4)
                  0.11    0.23    4.32 ^ output26/X (sky130_fd_sc_hd__clkbuf_4)
     1    0.03                           ALU_Out[6] (net)
                  0.11    0.00    4.32 ^ ALU_Out[6] (out)
                                  4.32   data arrival time

                  0.00   10.00   10.00   clock __VIRTUAL_CLK__ (rise edge)
                          0.00   10.00   clock network delay (ideal)
                         -0.25    9.75   clock uncertainty
                          0.00    9.75   clock reconvergence pessimism
                         -2.00    7.75   output external delay
                                  7.75   data required time
-----------------------------------------------------------------------------
                                  7.75   data required time
                                 -4.32   data arrival time
-----------------------------------------------------------------------------
                                  3.43   slack (MET)




===========================================================================
report_checks --slack_max -0.01
============================================================================
======================= Fastest Corner ===================================

No paths found.

======================= Slowest Corner ===================================

No paths found.

======================= Typical Corner ===================================

No paths found.


===========================================================================
 report_check_types -max_slew -max_cap -max_fanout -violators
============================================================================
======================= Fastest Corner ===================================


======================= Slowest Corner ===================================


======================= Typical Corner ===================================



===========================================================================
report_parasitic_annotation -report_unannotated
============================================================================
Found 0 unannotated drivers.
Found 0 partially unannotated drivers.

===========================================================================
max slew violation count 0
max fanout violation count 0
max cap violation count 0
============================================================================

===========================================================================
check_setup -verbose -unconstrained_endpoints -multiple_clock -no_clock -no_input_delay -loops -generated_clocks
===========================================================================
