
===========================================================================
report_checks -path_delay min (Hold)
============================================================================
======================= Typical Corner ===================================

Startpoint: A[1] (input port clocked by __VIRTUAL_CLK__)
Endpoint: ALU_Out[1] (output port clocked by __VIRTUAL_CLK__)
Path Group: __VIRTUAL_CLK__
Path Type: min

Fanout     Cap    Slew   Delay    Time   Description
-----------------------------------------------------------------------------
                  0.00    0.00    0.00   clock __VIRTUAL_CLK__ (rise edge)
                          0.00    0.00   clock network delay (ideal)
                          2.00    2.00 ^ input external delay
                  0.02    0.01    2.01 ^ A[1] (in)
     1    0.00                           A[1] (net)
                  0.02    0.00    2.01 ^ input2/A (sky130_fd_sc_hd__clkbuf_2)
                  0.08    0.12    2.12 ^ input2/X (sky130_fd_sc_hd__clkbuf_2)
     4    0.01                           net2 (net)
                  0.08    0.00    2.12 ^ _138_/B (sky130_fd_sc_hd__or2_1)
                  0.06    0.11    2.23 ^ _138_/X (sky130_fd_sc_hd__or2_1)
     2    0.00                           _071_ (net)
                  0.06    0.00    2.23 ^ _167_/A1 (sky130_fd_sc_hd__a221o_1)
                  0.04    0.12    2.36 ^ _167_/X (sky130_fd_sc_hd__a221o_1)
     1    0.00                           net21 (net)
                  0.04    0.00    2.36 ^ output21/A (sky130_fd_sc_hd__clkbuf_4)
                  0.11    0.17    2.53 ^ output21/X (sky130_fd_sc_hd__clkbuf_4)
     1    0.03                           ALU_Out[1] (net)
                  0.11    0.00    2.53 ^ ALU_Out[1] (out)
                                  2.53   data arrival time

                  0.00    0.00    0.00   clock __VIRTUAL_CLK__ (rise edge)
                          0.00    0.00   clock network delay (ideal)
                          0.25    0.25   clock uncertainty
                          0.00    0.25   clock reconvergence pessimism
                         -2.00   -1.75   output external delay
                                 -1.75   data required time
-----------------------------------------------------------------------------
                                 -1.75   data required time
                                 -2.53   data arrival time
-----------------------------------------------------------------------------
                                  4.28   slack (MET)


Startpoint: opcode[0] (input port clocked by __VIRTUAL_CLK__)
Endpoint: ALU_Out[5] (output port clocked by __VIRTUAL_CLK__)
Path Group: __VIRTUAL_CLK__
Path Type: min

Fanout     Cap    Slew   Delay    Time   Description
-----------------------------------------------------------------------------
                  0.00    0.00    0.00   clock __VIRTUAL_CLK__ (rise edge)
                          0.00    0.00   clock network delay (ideal)
                          2.00    2.00 ^ input external delay
                  0.02    0.01    2.01 ^ opcode[0] (in)
     1    0.00                           opcode[0] (net)
                  0.02    0.00    2.01 ^ input17/A (sky130_fd_sc_hd__clkbuf_2)
                  0.11    0.14    2.14 ^ input17/X (sky130_fd_sc_hd__clkbuf_2)
     8    0.02                           net17 (net)
                  0.11    0.00    2.14 ^ _149_/C (sky130_fd_sc_hd__nor3_2)
                  0.05    0.06    2.21 v _149_/Y (sky130_fd_sc_hd__nor3_2)
     5    0.01                           _082_ (net)
                  0.05    0.00    2.21 v _204_/A1 (sky130_fd_sc_hd__a31o_1)
                  0.03    0.15    2.36 v _204_/X (sky130_fd_sc_hd__a31o_1)
     1    0.00                           net25 (net)
                  0.03    0.00    2.36 v output25/A (sky130_fd_sc_hd__clkbuf_4)
                  0.08    0.17    2.53 v output25/X (sky130_fd_sc_hd__clkbuf_4)
     1    0.03                           ALU_Out[5] (net)
                  0.08    0.00    2.53 v ALU_Out[5] (out)
                                  2.53   data arrival time

                  0.00    0.00    0.00   clock __VIRTUAL_CLK__ (rise edge)
                          0.00    0.00   clock network delay (ideal)
                          0.25    0.25   clock uncertainty
                          0.00    0.25   clock reconvergence pessimism
                         -2.00   -1.75   output external delay
                                 -1.75   data required time
-----------------------------------------------------------------------------
                                 -1.75   data required time
                                 -2.53   data arrival time
-----------------------------------------------------------------------------
                                  4.28   slack (MET)


Startpoint: A[7] (input port clocked by __VIRTUAL_CLK__)
Endpoint: CarryOut (output port clocked by __VIRTUAL_CLK__)
Path Group: __VIRTUAL_CLK__
Path Type: min

Fanout     Cap    Slew   Delay    Time   Description
-----------------------------------------------------------------------------
                  0.00    0.00    0.00   clock __VIRTUAL_CLK__ (rise edge)
                          0.00    0.00   clock network delay (ideal)
                          2.00    2.00 ^ input external delay
                  0.02    0.01    2.01 ^ A[7] (in)
     1    0.00                           A[7] (net)
                  0.02    0.00    2.01 ^ input8/A (sky130_fd_sc_hd__buf_2)
                  0.12    0.14    2.15 ^ input8/X (sky130_fd_sc_hd__buf_2)
     7    0.02                           net8 (net)
                  0.12    0.00    2.15 ^ _150_/A2 (sky130_fd_sc_hd__o211a_1)
                  0.04    0.13    2.28 ^ _150_/X (sky130_fd_sc_hd__o211a_1)
     1    0.00                           _083_ (net)
                  0.04    0.00    2.28 ^ _151_/B1 (sky130_fd_sc_hd__a31o_1)
                  0.04    0.08    2.36 ^ _151_/X (sky130_fd_sc_hd__a31o_1)
     1    0.00                           net28 (net)
                  0.04    0.00    2.36 ^ output28/A (sky130_fd_sc_hd__clkbuf_4)
                  0.11    0.17    2.53 ^ output28/X (sky130_fd_sc_hd__clkbuf_4)
     1    0.03                           CarryOut (net)
                  0.11    0.00    2.53 ^ CarryOut (out)
                                  2.53   data arrival time

                  0.00    0.00    0.00   clock __VIRTUAL_CLK__ (rise edge)
                          0.00    0.00   clock network delay (ideal)
                          0.25    0.25   clock uncertainty
                          0.00    0.25   clock reconvergence pessimism
                         -2.00   -1.75   output external delay
                                 -1.75   data required time
-----------------------------------------------------------------------------
                                 -1.75   data required time
                                 -2.53   data arrival time
-----------------------------------------------------------------------------
                                  4.28   slack (MET)


Startpoint: opcode[2] (input port clocked by __VIRTUAL_CLK__)
Endpoint: ALU_Out[3] (output port clocked by __VIRTUAL_CLK__)
Path Group: __VIRTUAL_CLK__
Path Type: min

Fanout     Cap    Slew   Delay    Time   Description
-----------------------------------------------------------------------------
                  0.00    0.00    0.00   clock __VIRTUAL_CLK__ (rise edge)
                          0.00    0.00   clock network delay (ideal)
                          2.00    2.00 ^ input external delay
                  0.02    0.01    2.01 ^ opcode[2] (in)
     1    0.00                           opcode[2] (net)
                  0.02    0.00    2.01 ^ input19/A (sky130_fd_sc_hd__buf_2)
                  0.11    0.14    2.14 ^ input19/X (sky130_fd_sc_hd__buf_2)
     6    0.02                           net19 (net)
                  0.11    0.00    2.14 ^ _177_/A (sky130_fd_sc_hd__or3_2)
                  0.05    0.14    2.28 ^ _177_/X (sky130_fd_sc_hd__or3_2)
     3    0.01                           _000_ (net)
                  0.05    0.00    2.28 ^ _188_/A1 (sky130_fd_sc_hd__o211ai_1)
                  0.05    0.08    2.36 v _188_/Y (sky130_fd_sc_hd__o211ai_1)
     1    0.00                           net23 (net)
                  0.05    0.00    2.36 v output23/A (sky130_fd_sc_hd__clkbuf_4)
                  0.08    0.17    2.53 v output23/X (sky130_fd_sc_hd__clkbuf_4)
     1    0.03                           ALU_Out[3] (net)
                  0.08    0.00    2.53 v ALU_Out[3] (out)
                                  2.53   data arrival time

                  0.00    0.00    0.00   clock __VIRTUAL_CLK__ (rise edge)
                          0.00    0.00   clock network delay (ideal)
                          0.25    0.25   clock uncertainty
                          0.00    0.25   clock reconvergence pessimism
                         -2.00   -1.75   output external delay
                                 -1.75   data required time
-----------------------------------------------------------------------------
                                 -1.75   data required time
                                 -2.53   data arrival time
-----------------------------------------------------------------------------
                                  4.28   slack (MET)


Startpoint: opcode[2] (input port clocked by __VIRTUAL_CLK__)
Endpoint: ALU_Out[6] (output port clocked by __VIRTUAL_CLK__)
Path Group: __VIRTUAL_CLK__
Path Type: min

Fanout     Cap    Slew   Delay    Time   Description
-----------------------------------------------------------------------------
                  0.00    0.00    0.00   clock __VIRTUAL_CLK__ (rise edge)
                          0.00    0.00   clock network delay (ideal)
                          2.00    2.00 ^ input external delay
                  0.02    0.01    2.01 ^ opcode[2] (in)
     1    0.00                           opcode[2] (net)
                  0.02    0.00    2.01 ^ input19/A (sky130_fd_sc_hd__buf_2)
                  0.11    0.14    2.14 ^ input19/X (sky130_fd_sc_hd__buf_2)
     6    0.02                           net19 (net)
                  0.11    0.00    2.14 ^ _177_/A (sky130_fd_sc_hd__or3_2)
                  0.05    0.14    2.28 ^ _177_/X (sky130_fd_sc_hd__or3_2)
     3    0.01                           _000_ (net)
                  0.05    0.00    2.28 ^ _212_/A1 (sky130_fd_sc_hd__o211ai_1)
                  0.05    0.08    2.36 v _212_/Y (sky130_fd_sc_hd__o211ai_1)
     1    0.00                           net26 (net)
                  0.05    0.00    2.36 v output26/A (sky130_fd_sc_hd__clkbuf_4)
                  0.08    0.17    2.53 v output26/X (sky130_fd_sc_hd__clkbuf_4)
     1    0.03                           ALU_Out[6] (net)
                  0.08    0.00    2.53 v ALU_Out[6] (out)
                                  2.53   data arrival time

                  0.00    0.00    0.00   clock __VIRTUAL_CLK__ (rise edge)
                          0.00    0.00   clock network delay (ideal)
                          0.25    0.25   clock uncertainty
                          0.00    0.25   clock reconvergence pessimism
                         -2.00   -1.75   output external delay
                                 -1.75   data required time
-----------------------------------------------------------------------------
                                 -1.75   data required time
                                 -2.53   data arrival time
-----------------------------------------------------------------------------
                                  4.28   slack (MET)


Startpoint: B[7] (input port clocked by __VIRTUAL_CLK__)
Endpoint: ALU_Out[7] (output port clocked by __VIRTUAL_CLK__)
Path Group: __VIRTUAL_CLK__
Path Type: min

Fanout     Cap    Slew   Delay    Time   Description
-----------------------------------------------------------------------------
                  0.00    0.00    0.00   clock __VIRTUAL_CLK__ (rise edge)
                          0.00    0.00   clock network delay (ideal)
                          2.00    2.00 ^ input external delay
                  0.02    0.01    2.01 ^ B[7] (in)
     1    0.00                           B[7] (net)
                  0.02    0.00    2.01 ^ input16/A (sky130_fd_sc_hd__buf_2)
                  0.12    0.14    2.15 ^ input16/X (sky130_fd_sc_hd__buf_2)
     7    0.02                           net16 (net)
                  0.12    0.00    2.15 ^ _216_/A1 (sky130_fd_sc_hd__a31o_1)
                  0.04    0.14    2.29 ^ _216_/X (sky130_fd_sc_hd__a31o_1)
     1    0.00                           _035_ (net)
                  0.04    0.00    2.29 ^ _220_/B1 (sky130_fd_sc_hd__a211o_1)
                  0.03    0.08    2.36 ^ _220_/X (sky130_fd_sc_hd__a211o_1)
     1    0.00                           net27 (net)
                  0.03    0.00    2.36 ^ output27/A (sky130_fd_sc_hd__clkbuf_4)
                  0.11    0.17    2.53 ^ output27/X (sky130_fd_sc_hd__clkbuf_4)
     1    0.03                           ALU_Out[7] (net)
                  0.11    0.00    2.53 ^ ALU_Out[7] (out)
                                  2.53   data arrival time

                  0.00    0.00    0.00   clock __VIRTUAL_CLK__ (rise edge)
                          0.00    0.00   clock network delay (ideal)
                          0.25    0.25   clock uncertainty
                          0.00    0.25   clock reconvergence pessimism
                         -2.00   -1.75   output external delay
                                 -1.75   data required time
-----------------------------------------------------------------------------
                                 -1.75   data required time
                                 -2.53   data arrival time
-----------------------------------------------------------------------------
                                  4.28   slack (MET)


Startpoint: B[0] (input port clocked by __VIRTUAL_CLK__)
Endpoint: ALU_Out[0] (output port clocked by __VIRTUAL_CLK__)
Path Group: __VIRTUAL_CLK__
Path Type: min

Fanout     Cap    Slew   Delay    Time   Description
-----------------------------------------------------------------------------
                  0.00    0.00    0.00   clock __VIRTUAL_CLK__ (rise edge)
                          0.00    0.00   clock network delay (ideal)
                          2.00    2.00 v input external delay
                  0.01    0.00    2.00 v B[0] (in)
     1    0.00                           B[0] (net)
                  0.01    0.00    2.00 v input9/A (sky130_fd_sc_hd__buf_1)
                  0.06    0.09    2.09 v input9/X (sky130_fd_sc_hd__buf_1)
     4    0.01                           net9 (net)
                  0.06    0.00    2.09 v _155_/A (sky130_fd_sc_hd__nand2_1)
                  0.09    0.09    2.18 ^ _155_/Y (sky130_fd_sc_hd__nand2_1)
     3    0.01                           _087_ (net)
                  0.09    0.00    2.18 ^ _156_/S (sky130_fd_sc_hd__mux2_1)
                  0.04    0.12    2.31 ^ _156_/X (sky130_fd_sc_hd__mux2_1)
     1    0.00                           _088_ (net)
                  0.04    0.00    2.31 ^ _157_/A (sky130_fd_sc_hd__clkbuf_1)
                  0.04    0.07    2.38 ^ _157_/X (sky130_fd_sc_hd__clkbuf_1)
     1    0.00                           net20 (net)
                  0.04    0.00    2.38 ^ output20/A (sky130_fd_sc_hd__clkbuf_4)
                  0.11    0.17    2.55 ^ output20/X (sky130_fd_sc_hd__clkbuf_4)
     1    0.03                           ALU_Out[0] (net)
                  0.11    0.00    2.55 ^ ALU_Out[0] (out)
                                  2.55   data arrival time

                  0.00    0.00    0.00   clock __VIRTUAL_CLK__ (rise edge)
                          0.00    0.00   clock network delay (ideal)
                          0.25    0.25   clock uncertainty
                          0.00    0.25   clock reconvergence pessimism
                         -2.00   -1.75   output external delay
                                 -1.75   data required time
-----------------------------------------------------------------------------
                                 -1.75   data required time
                                 -2.55   data arrival time
-----------------------------------------------------------------------------
                                  4.30   slack (MET)


Startpoint: opcode[2] (input port clocked by __VIRTUAL_CLK__)
Endpoint: ALU_Out[2] (output port clocked by __VIRTUAL_CLK__)
Path Group: __VIRTUAL_CLK__
Path Type: min

Fanout     Cap    Slew   Delay    Time   Description
-----------------------------------------------------------------------------
                  0.00    0.00    0.00   clock __VIRTUAL_CLK__ (rise edge)
                          0.00    0.00   clock network delay (ideal)
                          2.00    2.00 ^ input external delay
                  0.02    0.01    2.01 ^ opcode[2] (in)
     1    0.00                           opcode[2] (net)
                  0.02    0.00    2.01 ^ input19/A (sky130_fd_sc_hd__buf_2)
                  0.11    0.14    2.14 ^ input19/X (sky130_fd_sc_hd__buf_2)
     6    0.02                           net19 (net)
                  0.11    0.00    2.14 ^ _135_/A (sky130_fd_sc_hd__nor3b_4)
                  0.05    0.07    2.21 v _135_/Y (sky130_fd_sc_hd__nor3b_4)
     8    0.02                           _068_ (net)
                  0.05    0.00    2.21 v _176_/A2 (sky130_fd_sc_hd__a31o_1)
                  0.03    0.18    2.39 v _176_/X (sky130_fd_sc_hd__a31o_1)
     1    0.00                           net22 (net)
                  0.03    0.00    2.39 v output22/A (sky130_fd_sc_hd__clkbuf_4)
                  0.08    0.17    2.56 v output22/X (sky130_fd_sc_hd__clkbuf_4)
     1    0.03                           ALU_Out[2] (net)
                  0.08    0.00    2.56 v ALU_Out[2] (out)
                                  2.56   data arrival time

                  0.00    0.00    0.00   clock __VIRTUAL_CLK__ (rise edge)
                          0.00    0.00   clock network delay (ideal)
                          0.25    0.25   clock uncertainty
                          0.00    0.25   clock reconvergence pessimism
                         -2.00   -1.75   output external delay
                                 -1.75   data required time
-----------------------------------------------------------------------------
                                 -1.75   data required time
                                 -2.56   data arrival time
-----------------------------------------------------------------------------
                                  4.31   slack (MET)


Startpoint: B[4] (input port clocked by __VIRTUAL_CLK__)
Endpoint: ALU_Out[4] (output port clocked by __VIRTUAL_CLK__)
Path Group: __VIRTUAL_CLK__
Path Type: min

Fanout     Cap    Slew   Delay    Time   Description
-----------------------------------------------------------------------------
                  0.00    0.00    0.00   clock __VIRTUAL_CLK__ (rise edge)
                          0.00    0.00   clock network delay (ideal)
                          2.00    2.00 v input external delay
                  0.01    0.00    2.00 v B[4] (in)
     1    0.00                           B[4] (net)
                  0.01    0.00    2.00 v input13/A (sky130_fd_sc_hd__buf_1)
                  0.05    0.09    2.09 v input13/X (sky130_fd_sc_hd__buf_1)
     3    0.01                           net13 (net)
                  0.05    0.00    2.09 v _114_/A (sky130_fd_sc_hd__nand2_2)
                  0.09    0.09    2.18 ^ _114_/Y (sky130_fd_sc_hd__nand2_2)
     5    0.01                           _047_ (net)
                  0.09    0.00    2.18 ^ _116_/A (sky130_fd_sc_hd__nand2_2)
                  0.06    0.07    2.25 v _116_/Y (sky130_fd_sc_hd__nand2_2)
     6    0.01                           _049_ (net)
                  0.06    0.00    2.25 v _189_/A (sky130_fd_sc_hd__nand2_1)
                  0.04    0.05    2.30 ^ _189_/Y (sky130_fd_sc_hd__nand2_1)
     1    0.00                           _011_ (net)
                  0.04    0.00    2.30 ^ _196_/A1 (sky130_fd_sc_hd__a311o_1)
                  0.04    0.13    2.43 ^ _196_/X (sky130_fd_sc_hd__a311o_1)
     1    0.00                           net24 (net)
                  0.04    0.00    2.43 ^ output24/A (sky130_fd_sc_hd__clkbuf_4)
                  0.11    0.17    2.60 ^ output24/X (sky130_fd_sc_hd__clkbuf_4)
     1    0.03                           ALU_Out[4] (net)
                  0.11    0.00    2.60 ^ ALU_Out[4] (out)
                                  2.60   data arrival time

                  0.00    0.00    0.00   clock __VIRTUAL_CLK__ (rise edge)
                          0.00    0.00   clock network delay (ideal)
                          0.25    0.25   clock uncertainty
                          0.00    0.25   clock reconvergence pessimism
                         -2.00   -1.75   output external delay
                                 -1.75   data required time
-----------------------------------------------------------------------------
                                 -1.75   data required time
                                 -2.60   data arrival time
-----------------------------------------------------------------------------
                                  4.35   slack (MET)



